🚀 Starting E2E Auth Test (against localhost:3000)...

Testing User: e2e.user.1766906630905@example.com
➡️  Registering...
❌ Register Failed: <!DOCTYPE html><html><head><meta charSet="utf-8" data-next-head=""/><meta name="viewport" content="width=device-width" data-next-head=""/><style data-next-hide-fouc="true">body{display:none}</style><noscript data-next-hide-fouc="true"><style>body{display:block}</style></noscript><noscript data-n-css=""></noscript><script src="/_next/static/chunks/1629d_next_dist_compiled_e835dae1._.js" defer=""></script><script src="/_next/static/chunks/1629d_next_dist_shared_lib_d553adfe._.js" defer=""></script><script src="/_next/static/chunks/1629d_next_dist_client_657e090e._.js" defer=""></script><script src="/_next/static/chunks/1629d_next_dist_a78fe035._.js" defer=""></script><script src="/_next/static/chunks/1629d_next_app_d3f4c939.js" defer=""></script><script src="/_next/static/chunks/%5Bnext%5D_entry_page-loader_ts_af0e12f8._.js" defer=""></script><script src="/_next/static/chunks/5e54f_react-dom_4d21b075._.js" defer=""></script><script src="/_next/static/chunks/node_modules__pnpm_fd60bec7._.js" defer=""></script><script src="/_next/static/chunks/%5Broot-of-the-server%5D__67058656._.js" defer=""></script><script src="/_next/static/chunks/apps_web_pages__app_2da965e7._.js" defer=""></script><script src="/_next/static/chunks/turbopack-apps_web_pages__app_3312a0eb._.js" defer=""></script><script src="/_next/static/chunks/1629d_next_dist_shared_lib_238e9a32._.js" defer=""></script><script src="/_next/static/chunks/1629d_next_dist_a02b129b._.js" defer=""></script><script src="/_next/static/chunks/1629d_next_error_d146d10e.js" defer=""></script><script src="/_next/static/chunks/%5Bnext%5D_entry_page-loader_ts_0555f8c0._.js" defer=""></script><script src="/_next/static/chunks/%5Broot-of-the-server%5D__4ed92dca._.js" defer=""></script><script src="/_next/static/chunks/apps_web_pages__error_2da965e7._.js" defer=""></script><script src="/_next/static/chunks/turbopack-apps_web_pages__error_3f11f961._.js" defer=""></script><script src="/_next/static/development/_ssgManifest.js" defer=""></script><script src="/_next/static/development/_buildManifest.js" defer=""></script><noscript id="__next_css__DO_NOT_USE__"></noscript></head><body><div id="__next"></div><script id="__NEXT_DATA__" type="application/json">{"props":{"pageProps":{"statusCode":500,"hostname":"localhost"}},"page":"/_error","query":{},"buildId":"development","isFallback":false,"err":{"name":"Error","source":"server","message":"./packages/database/dist/generated/prisma/internal/class.js:12:1\nModule not found: Can't resolve '@prisma/client/runtime/client'\n  10 |  * Please import the `PrismaClient` class from the `client.ts` file instead.\n  11 |  */\n\u003e 12 | import * as runtime from \"@prisma/client/runtime/client\";\n     | ^^^^^^^^^^^^^^^^^^^^^^^^^^^^^^^^^^^^^^^^^^^^^^^^^^^^^^^^^\n  13 | const config = {\n  14 |     \"previewFeatures\": [],\n  15 |     \"clientVersion\": \"7.2.0\",\n\n\n\nImport trace:\n  App Route:\n    ./packages/database/dist/generated/prisma/internal/class.js\n    ./packages/database/dist/generated/prisma/client.js\n    ./packages/database/dist/client.js\n    ./apps/web/app/api/auth/register/route.ts\n\nhttps://nextjs.org/docs/messages/module-not-found\n\n","stack":"Error: ./packages/database/dist/generated/prisma/internal/class.js:12:1\n\u001b[1m\u001b[31mModule not found\u001b[39m\u001b[22m: Can't resolve \u001b[32m'@prisma/client/runtime/client'\u001b[39m\n\u001b[0m \u001b[90m 10 |\u001b[39m \u001b[90m * Please import the `PrismaClient` class from the `client.ts` file instead.\u001b[39m\n \u001b[90m 11 |\u001b[39m \u001b[90m */\u001b[39m\n\u001b[31m\u001b[1m\u003e\u001b[22m\u001b[39m\u001b[90m 12 |\u001b[39m \u001b[36mimport\u001b[39m \u001b[33m*\u001b[39m \u001b[36mas\u001b[39m runtime \u001b[36mfrom\u001b[39m \u001b[32m\"@prisma/client/runtime/client\"\u001b[39m\u001b[33m;\u001b[39m\n \u001b[90m    |\u001b[39m \u001b[31m\u001b[1m^\u001b[22m\u001b[39m\u001b[31m\u001b[1m^\u001b[22m\u001b[39m\u001b[31m\u001b[1m^\u001b[22m\u001b[39m\u001b[31m\u001b[1m^\u001b[22m\u001b[39m\u001b[31m\u001b[1m^\u001b[22m\u001b[39m\u001b[31m\u001b[1m^\u001b[22m\u001b[39m\u001b[31m\u001b[1m^\u001b[22m\u001b[39m\u001b[31m\u001b[1m^\u001b[22m\u001b[39m\u001b[31m\u001b[1m^\u001b[22m\u001b[39m\u001b[31m\u001b[1m^\u001b[22m\u001b[39m\u001b[31m\u001b[1m^\u001b[22m\u001b[39m\u001b[31m\u001b[1m^\u001b[22m\u001b[39m\u001b[31m\u001b[1m^\u001b[22m\u001b[39m\u001b[31m\u001b[1m^\u001b[22m\u001b[39m\u001b[31m\u001b[1m^\u001b[22m\u001b[39m\u001b[31m\u001b[1m^\u001b[22m\u001b[39m\u001b[31m\u001b[1m^\u001b[22m\u001b[39m\u001b[31m\u001b[1m^\u001b[22m\u001b[39m\u001b[31m\u001b[1m^\u001b[22m\u001b[39m\u001b[31m\u001b[1m^\u001b[22m\u001b[39m\u001b[31m\u001b[1m^\u001b[22m\u001b[39m\u001b[31m\u001b[1m^\u001b[22m\u001b[39m\u001b[31m\u001b[1m^\u001b[22m\u001b[39m\u001b[31m\u001b[1m^\u001b[22m\u001b[39m\u001b[31m\u001b[1m^\u001b[22m\u001b[39m\u001b[31m\u001b[1m^\u001b[22m\u001b[39m\u001b[31m\u001b[1m^\u001b[22m\u001b[39m\u001b[31m\u001b[1m^\u001b[22m\u001b[39m\u001b[31m\u001b[1m^\u001b[22m\u001b[39m\u001b[31m\u001b[1m^\u001b[22m\u001b[39m\u001b[31m\u001b[1m^\u001b[22m\u001b[39m\u001b[31m\u001b[1m^\u001b[22m\u001b[39m\u001b[31m\u001b[1m^\u001b[22m\u001b[39m\u001b[31m\u001b[1m^\u001b[22m\u001b[39m\u001b[31m\u001b[1m^\u001b[22m\u001b[39m\u001b[31m\u001b[1m^\u001b[22m\u001b[39m\u001b[31m\u001b[1m^\u001b[22m\u001b[39m\u001b[31m\u001b[1m^\u001b[22m\u001b[39m\u001b[31m\u001b[1m^\u001b[22m\u001b[39m\u001b[31m\u001b[1m^\u001b[22m\u001b[39m\u001b[31m\u001b[1m^\u001b[22m\u001b[39m\u001b[31m\u001b[1m^\u001b[22m\u001b[39m\u001b[31m\u001b[1m^\u001b[22m\u001b[39m\u001b[31m\u001b[1m^\u001b[22m\u001b[39m\u001b[31m\u001b[1m^\u001b[22m\u001b[39m\u001b[31m\u001b[1m^\u001b[22m\u001b[39m\u001b[31m\u001b[1m^\u001b[22m\u001b[39m\u001b[31m\u001b[1m^\u001b[22m\u001b[39m\u001b[31m\u001b[1m^\u001b[22m\u001b[39m\u001b[31m\u001b[1m^\u001b[22m\u001b[39m\u001b[31m\u001b[1m^\u001b[22m\u001b[39m\u001b[31m\u001b[1m^\u001b[22m\u001b[39m\u001b[31m\u001b[1m^\u001b[22m\u001b[39m\u001b[31m\u001b[1m^\u001b[22m\u001b[39m\u001b[31m\u001b[1m^\u001b[22m\u001b[39m\u001b[31m\u001b[1m^\u001b[22m\u001b[39m\u001b[31m\u001b[1m^\u001b[22m\u001b[39m\n \u001b[90m 13 |\u001b[39m \u001b[36mconst\u001b[39m config \u001b[33m=\u001b[39m {\n \u001b[90m 14 |\u001b[39m     \u001b[32m\"previewFeatures\"\u001b[39m\u001b[33m:\u001b[39m []\u001b[33m,\u001b[39m\n \u001b[90m 15 |\u001b[39m     \u001b[32m\"clientVersion\"\u001b[39m\u001b[33m:\u001b[39m \u001b[32m\"7.2.0\"\u001b[39m\u001b[33m,\u001b[39m\u001b[0m\n\n\n\nImport trace:\n  App Route:\n    ./packages/database/dist/generated/prisma/internal/class.js\n    ./packages/database/dist/generated/prisma/client.js\n    ./packages/database/dist/client.js\n    ./apps/web/app/api/auth/register/route.ts\n\nhttps://nextjs.org/docs/messages/module-not-found\n\n\n    at Object.getCompilationErrors (/Users/ashutoshkumar/playtube/node_modules/.pnpm/next@16.1.1_@babel+core@7.28.5_react-dom@19.2.3_react@19.2.3__react@19.2.3/node_modules/next/dist/server/dev/hot-reloader-turbopack.js:1008:59)\n    at DevBundlerService.getCompilationError (/Users/ashutoshkumar/playtube/node_modules/.pnpm/next@16.1.1_@babel+core@7.28.5_react-dom@19.2.3_react@19.2.3__react@19.2.3/node_modules/next/dist/server/lib/dev-bundler-service.js:44:55)\n    at DevServer.getCompilationError (/Users/ashutoshkumar/playtube/node_modules/.pnpm/next@16.1.1_@babel+core@7.28.5_react-dom@19.2.3_react@19.2.3__react@19.2.3/node_modules/next/dist/server/dev/next-dev-server.js:706:42)\n    at DevServer.findPageComponents (/Users/ashutoshkumar/playtube/node_modules/.pnpm/next@16.1.1_@babel+core@7.28.5_react-dom@19.2.3_react@19.2.3__react@19.2.3/node_modules/next/dist/server/dev/next-dev-server.js:676:43)\n    at async DevServer.renderErrorToResponseImpl (/Users/ashutoshkumar/playtube/node_modules/.pnpm/next@16.1.1_@babel+core@7.28.5_react-dom@19.2.3_react@19.2.3__react@19.2.3/node_modules/next/dist/server/base-server.js:1713:26)"},"gip":true,"scriptLoader":[]}</script></body></html>
